[2026-02-22 13:08:15] TYPE: symbol_generation
Energy: 0.79 | Mood: 0.42
Content: z | reward=1.00

[2026-02-22 13:08:29] TYPE: symbol_generation
Energy: 0.78 | Mood: 0.41
Content: n | reward=1.00

[2026-02-22 13:08:34] TYPE: symbol_generation
Energy: 0.77 | Mood: 0.42
Content: e | reward=1.00

[2026-02-22 13:08:52] TYPE: symbol_generation
Energy: 0.76 | Mood: 0.43
Content: x | reward=1.00

[2026-02-22 13:09:02] TYPE: symbol_generation
Energy: 0.75 | Mood: 0.43
Content: u | reward=1.00

[2026-02-22 13:09:13] TYPE: symbol_generation
Energy: 0.74 | Mood: 0.43
Content: v | reward=1.00

[2026-02-22 13:09:33] TYPE: symbol_generation
Energy: 0.73 | Mood: 0.43
Content: x | reward=1.00

[2026-02-22 13:09:42] TYPE: symbol_generation
Energy: 0.72 | Mood: 0.44
Content: z | reward=1.00

[2026-02-22 13:09:53] TYPE: symbol_generation
Energy: 0.71 | Mood: 0.44
Content: p | reward=1.00

[2026-02-22 13:10:06] TYPE: symbol_generation
Energy: 0.70 | Mood: 0.43
Content: s | reward=1.00

[2026-02-22 13:10:23] TYPE: symbol_generation
Energy: 0.69 | Mood: 0.42
Content: d | reward=1.00

[2026-02-22 13:10:29] TYPE: symbol_generation
Energy: 0.68 | Mood: 0.42
Content: b | reward=1.00

[2026-02-22 13:10:35] TYPE: symbol_generation
Energy: 0.67 | Mood: 0.42
Content: d | reward=1.00

[2026-02-22 13:10:46] TYPE: symbol_generation
Energy: 0.66 | Mood: 0.42
Content: g | reward=1.00

[2026-02-22 13:10:57] TYPE: symbol_generation
Energy: 0.65 | Mood: 0.41
Content: d | reward=1.00

[2026-02-22 13:11:09] TYPE: symbol_generation
Energy: 0.64 | Mood: 0.39
Content: u | reward=1.00

[2026-02-22 13:11:14] TYPE: symbol_generation
Energy: 0.63 | Mood: 0.41
Content: e | reward=1.00

[2026-02-22 13:11:23] TYPE: symbol_generation
Energy: 0.62 | Mood: 0.39
Content: z | reward=1.00

[2026-02-22 13:11:28] TYPE: symbol_generation
Energy: 0.61 | Mood: 0.38
Content: w | reward=1.00

[2026-02-22 13:11:36] TYPE: symbol_generation
Energy: 0.60 | Mood: 0.36
Content: b | reward=1.00

[2026-02-22 13:11:47] TYPE: symbol_generation
Energy: 0.59 | Mood: 0.37
Content: w | reward=1.00

[2026-02-22 13:12:04] TYPE: symbol_generation
Energy: 0.58 | Mood: 0.37
Content: z | reward=1.00

[2026-02-22 13:12:12] TYPE: symbol_generation
Energy: 0.57 | Mood: 0.38
Content: n | reward=1.00

[2026-02-22 13:12:23] TYPE: symbol_generation
Energy: 0.56 | Mood: 0.39
Content: m | reward=1.00

[2026-02-22 13:12:41] TYPE: symbol_generation
Energy: 0.55 | Mood: 0.38
Content: j | reward=1.00

[2026-02-22 13:12:53] TYPE: symbol_generation
Energy: 0.54 | Mood: 0.39
Content: u | reward=1.00

[2026-02-22 13:13:07] TYPE: symbol_generation
Energy: 0.53 | Mood: 0.38
Content: a | reward=1.00

[2026-02-22 13:13:16] TYPE: symbol_generation
Energy: 0.52 | Mood: 0.40
Content: v | reward=1.00

[2026-02-22 13:13:29] TYPE: symbol_generation
Energy: 0.51 | Mood: 0.38
Content: aneka | reward=0.02

[2026-02-22 13:13:46] TYPE: symbol_generation
Energy: 0.50 | Mood: 0.36
Content: c | reward=1.00

[2026-02-22 13:14:02] TYPE: symbol_generation
Energy: 0.49 | Mood: 0.38
Content: jsjouam | reward=0.02

[2026-02-22 13:14:14] TYPE: symbol_generation
Energy: 0.48 | Mood: 0.39
Content: retfbe | reward=0.02

[2026-02-22 13:14:22] TYPE: symbol_generation
Energy: 0.47 | Mood: 0.40
Content: mrdxvbqfz | reward=0.02

[2026-02-22 13:14:38] TYPE: symbol_generation
Energy: 0.46 | Mood: 0.40
Content: oqhxdyweg | reward=0.02

[2026-02-22 13:14:50] TYPE: symbol_generation
Energy: 0.45 | Mood: 0.39
Content: ixi  | reward=0.02

[2026-02-22 13:15:07] TYPE: symbol_generation
Energy: 0.44 | Mood: 0.40
Content: rzmlwsqqkorp | reward=0.02

[2026-02-22 13:15:26] TYPE: symbol_generation
Energy: 0.43 | Mood: 0.41
Content: va ml | reward=0.02

[2026-02-22 13:15:38] TYPE: symbol_generation
Energy: 0.42 | Mood: 0.42
Content: l | reward=1.00

[2026-02-22 13:15:46] TYPE: symbol_generation
Energy: 0.41 | Mood: 0.41
Content: sei z | reward=0.02

[2026-02-22 13:15:52] TYPE: symbol_generation
Energy: 0.40 | Mood: 0.42
Content: cbqabbqmznnr | reward=0.02

[2026-02-22 13:15:57] TYPE: symbol_generation
Energy: 0.39 | Mood: 0.40
Content: e | reward=1.00

[2026-02-22 13:16:12] TYPE: symbol_generation
Energy: 0.38 | Mood: 0.41
Content: kpket | reward=0.02

[2026-02-22 13:16:27] TYPE: symbol_generation
Energy: 0.37 | Mood: 0.42
Content: jlmo | reward=0.02

[2026-02-22 13:16:44] TYPE: symbol_generation
Energy: 0.36 | Mood: 0.44
Content: vofgcueatnkr | reward=0.02

[2026-02-22 13:16:53] TYPE: symbol_generation
Energy: 0.35 | Mood: 0.46
Content: pa | reward=1.00

[2026-02-22 13:17:13] TYPE: symbol_generation
Energy: 0.34 | Mood: 0.48
Content: dcymw | reward=0.02

[2026-02-22 13:17:19] TYPE: symbol_generation
Energy: 0.33 | Mood: 0.49
Content: bmdgunamg | reward=0.02

[2026-02-22 13:17:38] TYPE: symbol_generation
Energy: 0.32 | Mood: 0.47
Content: qj  | reward=0.02

[2026-02-22 13:17:54] TYPE: symbol_generation
Energy: 0.31 | Mood: 0.46
Content: usp | reward=1.00

[2026-02-22 13:18:04] TYPE: symbol_generation
Energy: 0.30 | Mood: 0.46
Content: y | reward=1.00

[2026-02-22 13:18:13] TYPE: symbol_generation
Energy: 0.29 | Mood: 0.46
Content: fr | reward=1.00

[2026-02-22 13:18:21] TYPE: symbol_generation
Energy: 0.28 | Mood: 0.45
Content: nbrpajmm pa | reward=0.02

[2026-02-22 13:18:28] TYPE: symbol_generation
Energy: 0.27 | Mood: 0.46
Content: jkyisvgezko | reward=0.02

[2026-02-22 13:18:33] TYPE: symbol_generation
Energy: 0.26 | Mood: 0.46
Content: sybm | reward=0.02

[2026-02-22 13:18:47] TYPE: symbol_generation
Energy: 0.25 | Mood: 0.48
Content: yfrf | reward=0.02

[2026-02-22 13:18:54] TYPE: symbol_generation
Energy: 0.24 | Mood: 0.48
Content: ityxedpa | reward=0.02

[2026-02-22 13:19:11] TYPE: symbol_generation
Energy: 0.23 | Mood: 0.48
Content: sbycibqi | reward=0.02

[2026-02-22 13:19:20] TYPE: symbol_generation
Energy: 0.22 | Mood: 0.46
Content: arnoes | reward=0.02

[2026-02-22 13:19:28] TYPE: symbol_generation
Energy: 0.21 | Mood: 0.46
Content: frpapanxkzbj | reward=0.02

[2026-02-22 13:19:41] TYPE: symbol_generation
Energy: 0.20 | Mood: 0.45
Content: imr | reward=0.02

[2026-02-22 13:19:50] TYPE: symbol_generation
Energy: 0.19 | Mood: 0.46
Content: wxjj | reward=0.02

[2026-02-22 13:19:56] TYPE: symbol_generation
Energy: 0.18 | Mood: 0.48
Content: yshsezruspad | reward=0.02

[2026-02-22 13:20:08] TYPE: symbol_generation
Energy: 0.17 | Mood: 0.49
Content: eri | reward=1.00

[2026-02-22 13:20:14] TYPE: symbol_generation
Energy: 0.16 | Mood: 0.47
Content: js eriyfr | reward=0.02

[2026-02-22 13:20:25] TYPE: symbol_generation
Energy: 0.15 | Mood: 0.48
Content: u | reward=1.00

[2026-02-22 13:20:43] TYPE: symbol_generation
Energy: 0.14 | Mood: 0.49
Content: glkzxseriz | reward=0.02

[2026-02-22 13:20:58] TYPE: symbol_generation
Energy: 0.13 | Mood: 0.51
Content: dksijlfrs us | reward=0.02

[2026-02-22 13:21:07] TYPE: symbol_generation
Energy: 0.12 | Mood: 0.49
Content: ldaofrk | reward=0.02

[2026-02-22 13:21:16] TYPE: symbol_generation
Energy: 0.11 | Mood: 0.48
Content: rbtxhpabmk  | reward=0.02

[2026-02-22 13:21:33] TYPE: symbol_generation
Energy: 0.10 | Mood: 0.50
Content: uspahralpaxt | reward=0.02

[2026-02-22 13:21:43] TYPE: symbol_generation
Energy: 0.09 | Mood: 0.49
Content: nwab | reward=0.02

[2026-02-22 13:21:51] TYPE: symbol_generation
Energy: 0.08 | Mood: 0.48
Content: palvwapaf | reward=0.02

[2026-02-22 13:21:57] TYPE: symbol_generation
Energy: 0.07 | Mood: 0.47
Content: uspawqqian  | reward=0.02

[2026-02-22 13:22:05] TYPE: symbol_generation
Energy: 0.06 | Mood: 0.49
Content: grjb hv | reward=0.02

[2026-02-22 13:22:25] TYPE: symbol_generation
Energy: 0.05 | Mood: 0.50
Content:  hddfrygfrt | reward=0.02

[2026-02-22 13:22:32] TYPE: symbol_generation
Energy: 0.04 | Mood: 0.51
Content: pamzmlqu | reward=0.02

[2026-02-22 13:22:44] TYPE: symbol_generation
Energy: 0.03 | Mood: 0.51
Content: s | reward=1.00

[2026-02-22 13:22:49] TYPE: symbol_generation
Energy: 0.02 | Mood: 0.51
Content: igaglfrvpa | reward=0.02

[2026-02-22 13:22:59] TYPE: symbol_generation
Energy: 0.01 | Mood: 0.51
Content: oiycdtm zmd | reward=0.02

[2026-02-22 13:23:12] TYPE: symbol_generation
Energy: 0.00 | Mood: 0.49
Content: iggo | reward=0.02

[2026-02-22 13:23:30] TYPE: symbol_generation
Energy: 0.00 | Mood: 0.49
Content: bztzmjmpa | reward=0.02

[2026-02-22 13:23:41] TYPE: symbol_generation
Energy: 0.00 | Mood: 0.49
Content: h | reward=1.00

[2026-02-22 13:24:00] TYPE: symbol_generation
Energy: 0.00 | Mood: 0.50
Content: ax | reward=1.00

[2026-02-22 13:24:10] TYPE: symbol_generation
Energy: 0.00 | Mood: 0.51
Content: dvrmklcnrztn | reward=0.02

[2026-02-22 13:24:25] TYPE: symbol_generation
Energy: 0.00 | Mood: 0.53
Content: nhio | reward=0.02

[2026-02-22 13:24:35] TYPE: symbol_generation
Energy: 0.00 | Mood: 0.55
Content: lfrg | reward=0.02

[2026-02-22 13:24:50] TYPE: symbol_generation
Energy: 0.00 | Mood: 0.56
Content: usp | reward=1.00

[2026-02-22 13:25:05] TYPE: symbol_generation
Energy: 0.00 | Mood: 0.57
Content: oi | reward=0.02

[2026-02-22 13:25:11] TYPE: symbol_generation
Energy: 0.00 | Mood: 0.55
Content: iyvndogs | reward=0.02

[2026-02-22 13:25:26] TYPE: symbol_generation
Energy: 0.00 | Mood: 0.56
Content: w | reward=1.00

[2026-02-22 13:25:46] TYPE: symbol_generation
Energy: 0.00 | Mood: 0.57
Content: npaxdqdtsl  | reward=0.02

[2026-02-22 13:25:55] TYPE: symbol_generation
Energy: 0.00 | Mood: 0.58
Content: juspaxh | reward=0.02

[2026-02-22 13:26:13] TYPE: symbol_generation
Energy: 0.00 | Mood: 0.60
Content: mmtz | reward=0.02

[2026-02-22 13:26:24] TYPE: symbol_generation
Energy: 0.00 | Mood: 0.61
Content: dhe | reward=0.02

[2026-02-22 13:26:39] TYPE: symbol_generation
Energy: 0.00 | Mood: 0.61
Content: tkbaxytj th | reward=0.02

[2026-02-22 13:26:44] TYPE: symbol_generation
Energy: 0.00 | Mood: 0.60
Content: jdml frxti | reward=0.02

[2026-02-22 13:26:52] TYPE: symbol_generation
Energy: 0.00 | Mood: 0.60
Content:  te | reward=1.00

[2026-02-22 13:27:04] TYPE: symbol_generation
Energy: 0.00 | Mood: 0.59
Content: dnuspaxjmd | reward=0.02

[2026-02-22 13:27:10] TYPE: symbol_generation
Energy: 0.00 | Mood: 0.59
Content: caxdyylus | reward=0.02

[2026-02-22 13:27:18] TYPE: symbol_generation
Energy: 0.00 | Mood: 0.58
Content: cz t | reward=0.02

[2026-02-22 13:27:37] TYPE: symbol_generation
Energy: 0.00 | Mood: 0.56
Content: jtt | reward=0.02

[2026-02-22 13:27:49] TYPE: symbol_generation
Energy: 0.00 | Mood: 0.57
Content: uspaxpax | reward=0.02

[2026-02-22 13:28:09] TYPE: symbol_generation
Energy: 0.00 | Mood: 0.59
Content: bgfrlpaxax | reward=0.02

[2026-02-22 13:28:20] TYPE: symbol_generation
Energy: 0.00 | Mood: 0.57
Content: szjjqos | reward=0.02

[2026-02-22 13:28:34] TYPE: symbol_generation
Energy: 0.00 | Mood: 0.56
Content: cpaxrvpaxus | reward=0.02

[2026-02-22 13:28:48] TYPE: symbol_generation
Energy: 0.00 | Mood: 0.58
Content: p | reward=1.00

[2026-02-22 13:29:07] TYPE: symbol_generation
Energy: 0.00 | Mood: 0.58
Content: olnqyusp | reward=0.02

[2026-02-22 13:29:24] TYPE: symbol_generation
Energy: 0.00 | Mood: 0.58
Content: xqkkmipaxd | reward=0.02

[2026-02-22 13:29:33] TYPE: symbol_generation
Energy: 0.00 | Mood: 0.58
Content:  terinklerix | reward=0.02

[2026-02-22 13:29:48] TYPE: symbol_generation
Energy: 0.00 | Mood: 0.56
Content: wcgfrckki | reward=0.02

[2026-02-22 13:29:54] TYPE: symbol_generation
Energy: 0.00 | Mood: 0.55
Content: dbpaxkvc | reward=0.02

[2026-02-22 13:30:10] TYPE: symbol_generation
Energy: 0.00 | Mood: 0.53
Content: mjwhpax | reward=0.02

[2026-02-22 13:30:16] TYPE: symbol_generation
Energy: 0.00 | Mood: 0.52
Content:  te | reward=1.00

[2026-02-22 13:30:26] TYPE: symbol_generation
Energy: 0.00 | Mood: 0.52
Content: c | reward=1.00

[2026-02-22 13:30:40] TYPE: symbol_generation
Energy: 0.00 | Mood: 0.50
Content: bgonwfrus | reward=0.02

[2026-02-22 13:30:47] TYPE: symbol_generation
Energy: 0.00 | Mood: 0.52
Content: rax | reward=1.00

[2026-02-22 13:31:00] TYPE: symbol_generation
Energy: 0.00 | Mood: 0.53
Content: k teri | reward=0.02

[2026-02-22 13:31:14] TYPE: symbol_generation
Energy: 0.00 | Mood: 0.52
Content: fra | reward=1.00

[2026-02-22 13:31:24] TYPE: symbol_generation
Energy: 0.00 | Mood: 0.54
Content: mhngfraxgk | reward=0.02

[2026-02-22 13:31:39] TYPE: symbol_generation
Energy: 0.00 | Mood: 0.55
Content: kbvolye | reward=0.02

[2026-02-22 13:31:59] TYPE: symbol_generation
Energy: 0.00 | Mood: 0.55
Content: tfrax terico | reward=0.02

[2026-02-22 13:32:19] TYPE: symbol_generation
Energy: 0.00 | Mood: 0.54
Content: dgtpax | reward=0.02

[2026-02-22 13:32:25] TYPE: symbol_generation
Energy: 0.00 | Mood: 0.53
Content: u | reward=1.00

[2026-02-22 13:32:35] TYPE: symbol_generation
Energy: 0.00 | Mood: 0.53
Content: ax | reward=1.00

[2026-02-22 13:32:50] TYPE: symbol_generation
Energy: 0.00 | Mood: 0.52
Content: rax | reward=1.00

